// Jest Snapshot v1, https://goo.gl/fbAQLP

exports[`Header renders correctly 1`] = `
<header
  className="header"
>
  <div
    className="header__content"
  >
    <p
      style={
        Object {
          "margin": 0,
        }
      }
    >
      <ForwardRef
        className="link"
        to="/"
      >
        <strong />
      </ForwardRef>
    </p>
    <p
      style={
        Object {
          "margin": 0,
        }
      }
    >
      <a
        className="link"
        href="pdf/CV.pdf"
      >
        <strong>
          Download my CV
        </strong>
      </a>
    </p>
  </div>
</header>
`;
