// Jest Snapshot v1, https://goo.gl/fbAQLP

exports[`BlogEntry renders correctly 1`] = `
<ForwardRef
  className="project"
  to="/project/test"
>
  <div
    className="filtered"
  >
    <img
      alt="test image"
      src="test.jpg"
    />
  </div>
  <p
    className="project__title"
  >
    test
  </p>
</ForwardRef>
`;
